MemTotal:       32927900 kB
MemFree:        15754884 kB
Buffers:          514588 kB
Cached:         13484700 kB
SwapCached:           28 kB
Active:         12565332 kB
Inactive:        3418268 kB
Active(anon):     874324 kB
Inactive(anon):  1132068 kB
Active(file):   11691008 kB
Inactive(file):  2286200 kB
Unevictable:        4664 kB
Mlocked:            4664 kB
SwapTotal:      67108848 kB
SwapFree:       67108640 kB
Dirty:                72 kB
Writeback:             0 kB
AnonPages:       1988976 kB
Mapped:           197476 kB
Shmem:             18688 kB
Slab:             728052 kB
SReclaimable:     680280 kB
SUnreclaim:        47772 kB
KernelStack:        4632 kB
PageTables:        35760 kB
NFS_Unstable:          0 kB
Bounce:                0 kB
WritebackTmp:          0 kB
CommitLimit:    83572796 kB
Committed_AS:    5512872 kB
VmallocTotal:   34359738367 kB
VmallocUsed:      626600 kB
VmallocChunk:   34359103472 kB
HardwareCorrupted:     0 kB
AnonHugePages:         0 kB
HugePages_Total:       0
HugePages_Free:        0
HugePages_Rsvd:        0
HugePages_Surp:        0
Hugepagesize:       2048 kB
DirectMap4k:      112640 kB
DirectMap2M:     3016704 kB
DirectMap1G:    30408704 kB
